1737407649.909232 client started (19291): version 3.5a, socket /private/tmp/tmux-501/default, protocol 8
1737407649.909327 on Darwin 24.0.0 Darwin Kernel Version 24.0.0: Mon Aug 12 20:49:48 PDT 2024; root:xnu-11215.1.10~2/RELEASE_ARM64_T8103
1737407649.909346 using libevent 2.1.12-stable select
1737407649.910301 using utf8proc 2.10.0
1737407649.910335 using ncurses 6.5 20240427
1737407649.910385 flags are 0x10010000
1737407649.910403 socket is /private/tmp/tmux-501/default
1737407649.910423 trying connect
1737407649.910493 add peer 0x120008000: 6 (0x0)
1737407649.913805 sending message 111 to peer 0x120008000 (8 bytes)
1737407649.913842 sending message 111 to peer 0x120008000 (8 bytes)
1737407649.913855 sending message 101 to peer 0x120008000 (12 bytes)
1737407649.913865 sending message 109 to peer 0x120008000 (4 bytes)
1737407649.913876 sending message 102 to peer 0x120008000 (13 bytes)
1737407649.913885 sending message 108 to peer 0x120008000 (30 bytes)
1737407649.913895 sending message 112 to peer 0x120008000 (70 bytes)
1737407649.913904 sending message 112 to peer 0x120008000 (5 bytes)
1737407649.913912 sending message 112 to peer 0x120008000 (6 bytes)
1737407649.913921 sending message 112 to peer 0x120008000 (6 bytes)
1737407649.913930 sending message 112 to peer 0x120008000 (10 bytes)
1737407649.913939 sending message 112 to peer 0x120008000 (13 bytes)
1737407649.913948 sending message 112 to peer 0x120008000 (14 bytes)
1737407649.913958 sending message 112 to peer 0x120008000 (19 bytes)
1737407649.913967 sending message 112 to peer 0x120008000 (11 bytes)
1737407649.913976 sending message 112 to peer 0x120008000 (10 bytes)
1737407649.913984 sending message 112 to peer 0x120008000 (15 bytes)
1737407649.913993 sending message 112 to peer 0x120008000 (21 bytes)
1737407649.914001 sending message 112 to peer 0x120008000 (13 bytes)
1737407649.914010 sending message 112 to peer 0x120008000 (7 bytes)
1737407649.914019 sending message 112 to peer 0x120008000 (13 bytes)
1737407649.914027 sending message 112 to peer 0x120008000 (7 bytes)
1737407649.914036 sending message 112 to peer 0x120008000 (13 bytes)
1737407649.914044 sending message 112 to peer 0x120008000 (9 bytes)
1737407649.914053 sending message 112 to peer 0x120008000 (21 bytes)
1737407649.914061 sending message 112 to peer 0x120008000 (13 bytes)
1737407649.914070 sending message 112 to peer 0x120008000 (9 bytes)
1737407649.914078 sending message 112 to peer 0x120008000 (16 bytes)
1737407649.914087 sending message 112 to peer 0x120008000 (13 bytes)
1737407649.914095 sending message 112 to peer 0x120008000 (9 bytes)
1737407649.914103 sending message 112 to peer 0x120008000 (9 bytes)
1737407649.914112 sending message 112 to peer 0x120008000 (12 bytes)
1737407649.914120 sending message 112 to peer 0x120008000 (8 bytes)
1737407649.914129 sending message 112 to peer 0x120008000 (13 bytes)
1737407649.914137 sending message 112 to peer 0x120008000 (7 bytes)
1737407649.914146 sending message 112 to peer 0x120008000 (7 bytes)
1737407649.914154 sending message 112 to peer 0x120008000 (9 bytes)
1737407649.914162 sending message 112 to peer 0x120008000 (6 bytes)
1737407649.914171 sending message 112 to peer 0x120008000 (9 bytes)
1737407649.914179 sending message 112 to peer 0x120008000 (15 bytes)
1737407649.914188 sending message 112 to peer 0x120008000 (13 bytes)
1737407649.914197 sending message 112 to peer 0x120008000 (12 bytes)
1737407649.914205 sending message 112 to peer 0x120008000 (8 bytes)
1737407649.914214 sending message 112 to peer 0x120008000 (14 bytes)
1737407649.914222 sending message 112 to peer 0x120008000 (9 bytes)
1737407649.914230 sending message 112 to peer 0x120008000 (10 bytes)
1737407649.914239 sending message 112 to peer 0x120008000 (10 bytes)
1737407649.914247 sending message 112 to peer 0x120008000 (10 bytes)
1737407649.914256 sending message 112 to peer 0x120008000 (10 bytes)
1737407649.914264 sending message 112 to peer 0x120008000 (11 bytes)
1737407649.914273 sending message 112 to peer 0x120008000 (12 bytes)
1737407649.914281 sending message 112 to peer 0x120008000 (12 bytes)
1737407649.914304 sending message 112 to peer 0x120008000 (12 bytes)
1737407649.914311 sending message 112 to peer 0x120008000 (12 bytes)
1737407649.914318 sending message 112 to peer 0x120008000 (12 bytes)
1737407649.914324 sending message 112 to peer 0x120008000 (11 bytes)
1737407649.914330 sending message 112 to peer 0x120008000 (11 bytes)
1737407649.914336 sending message 112 to peer 0x120008000 (12 bytes)
1737407649.914342 sending message 112 to peer 0x120008000 (12 bytes)
1737407649.914349 sending message 112 to peer 0x120008000 (12 bytes)
1737407649.914355 sending message 112 to peer 0x120008000 (12 bytes)
1737407649.914361 sending message 112 to peer 0x120008000 (12 bytes)
1737407649.914367 sending message 112 to peer 0x120008000 (9 bytes)
1737407649.914373 sending message 112 to peer 0x120008000 (12 bytes)
1737407649.914379 sending message 112 to peer 0x120008000 (13 bytes)
1737407649.914385 sending message 112 to peer 0x120008000 (13 bytes)
1737407649.914391 sending message 112 to peer 0x120008000 (13 bytes)
1737407649.914397 sending message 112 to peer 0x120008000 (13 bytes)
1737407649.914404 sending message 112 to peer 0x120008000 (13 bytes)
1737407649.914410 sending message 112 to peer 0x120008000 (8 bytes)
1737407649.914416 sending message 112 to peer 0x120008000 (11 bytes)
1737407649.914422 sending message 112 to peer 0x120008000 (11 bytes)
1737407649.914428 sending message 112 to peer 0x120008000 (11 bytes)
1737407649.914434 sending message 112 to peer 0x120008000 (12 bytes)
1737407649.914440 sending message 112 to peer 0x120008000 (12 bytes)
1737407649.914447 sending message 112 to peer 0x120008000 (13 bytes)
1737407649.914453 sending message 112 to peer 0x120008000 (12 bytes)
1737407649.914459 sending message 112 to peer 0x120008000 (13 bytes)
1737407649.914465 sending message 112 to peer 0x120008000 (13 bytes)
1737407649.914471 sending message 112 to peer 0x120008000 (13 bytes)
1737407649.914477 sending message 112 to peer 0x120008000 (8 bytes)
1737407649.914483 sending message 112 to peer 0x120008000 (13 bytes)
1737407649.914489 sending message 112 to peer 0x120008000 (13 bytes)
1737407649.914496 sending message 112 to peer 0x120008000 (13 bytes)
1737407649.914502 sending message 112 to peer 0x120008000 (13 bytes)
1737407649.914508 sending message 112 to peer 0x120008000 (13 bytes)
1737407649.914514 sending message 112 to peer 0x120008000 (12 bytes)
1737407649.914520 sending message 112 to peer 0x120008000 (12 bytes)
1737407649.914526 sending message 112 to peer 0x120008000 (13 bytes)
1737407649.914532 sending message 112 to peer 0x120008000 (12 bytes)
1737407649.914538 sending message 112 to peer 0x120008000 (13 bytes)
1737407649.914545 sending message 112 to peer 0x120008000 (8 bytes)
1737407649.914551 sending message 112 to peer 0x120008000 (13 bytes)
1737407649.914557 sending message 112 to peer 0x120008000 (13 bytes)
1737407649.914563 sending message 112 to peer 0x120008000 (13 bytes)
1737407649.914569 sending message 112 to peer 0x120008000 (13 bytes)
1737407649.914575 sending message 112 to peer 0x120008000 (13 bytes)
1737407649.914581 sending message 112 to peer 0x120008000 (13 bytes)
1737407649.914587 sending message 112 to peer 0x120008000 (13 bytes)
1737407649.914593 sending message 112 to peer 0x120008000 (12 bytes)
1737407649.914599 sending message 112 to peer 0x120008000 (12 bytes)
1737407649.914605 sending message 112 to peer 0x120008000 (13 bytes)
1737407649.914611 sending message 112 to peer 0x120008000 (8 bytes)
1737407649.914617 sending message 112 to peer 0x120008000 (12 bytes)
1737407649.914623 sending message 112 to peer 0x120008000 (13 bytes)
1737407649.914629 sending message 112 to peer 0x120008000 (13 bytes)
1737407649.914636 sending message 112 to peer 0x120008000 (13 bytes)
1737407649.914642 sending message 112 to peer 0x120008000 (13 bytes)
1737407649.914648 sending message 112 to peer 0x120008000 (13 bytes)
1737407649.914675 sending message 112 to peer 0x120008000 (13 bytes)
1737407649.914682 sending message 112 to peer 0x120008000 (13 bytes)
1737407649.914699 sending message 112 to peer 0x120008000 (13 bytes)
1737407649.914706 sending message 112 to peer 0x120008000 (12 bytes)
1737407649.914712 sending message 112 to peer 0x120008000 (10 bytes)
1737407649.914718 sending message 112 to peer 0x120008000 (12 bytes)
1737407649.914725 sending message 112 to peer 0x120008000 (13 bytes)
1737407649.914730 sending message 112 to peer 0x120008000 (12 bytes)
1737407649.914735 sending message 112 to peer 0x120008000 (13 bytes)
1737407649.914740 sending message 112 to peer 0x120008000 (13 bytes)
1737407649.914745 sending message 112 to peer 0x120008000 (13 bytes)
1737407649.914750 sending message 112 to peer 0x120008000 (13 bytes)
1737407649.914755 sending message 112 to peer 0x120008000 (13 bytes)
1737407649.914760 sending message 112 to peer 0x120008000 (13 bytes)
1737407649.914765 sending message 112 to peer 0x120008000 (13 bytes)
1737407649.914770 sending message 112 to peer 0x120008000 (10 bytes)
1737407649.914775 sending message 112 to peer 0x120008000 (13 bytes)
1737407649.914780 sending message 112 to peer 0x120008000 (12 bytes)
1737407649.914786 sending message 112 to peer 0x120008000 (12 bytes)
1737407649.914791 sending message 112 to peer 0x120008000 (13 bytes)
1737407649.914796 sending message 112 to peer 0x120008000 (10 bytes)
1737407649.914801 sending message 112 to peer 0x120008000 (10 bytes)
1737407649.914806 sending message 112 to peer 0x120008000 (10 bytes)
1737407649.914811 sending message 112 to peer 0x120008000 (12 bytes)
1737407649.914816 sending message 112 to peer 0x120008000 (13 bytes)
1737407649.914821 sending message 112 to peer 0x120008000 (13 bytes)
1737407649.914826 sending message 112 to peer 0x120008000 (13 bytes)
1737407649.914831 sending message 112 to peer 0x120008000 (13 bytes)
1737407649.914836 sending message 112 to peer 0x120008000 (13 bytes)
1737407649.914841 sending message 112 to peer 0x120008000 (10 bytes)
1737407649.914846 sending message 112 to peer 0x120008000 (11 bytes)
1737407649.914851 sending message 112 to peer 0x120008000 (12 bytes)
1737407649.914856 sending message 112 to peer 0x120008000 (12 bytes)
1737407649.914861 sending message 112 to peer 0x120008000 (12 bytes)
1737407649.914866 sending message 112 to peer 0x120008000 (12 bytes)
1737407649.914871 sending message 112 to peer 0x120008000 (12 bytes)
1737407649.914876 sending message 112 to peer 0x120008000 (11 bytes)
1737407649.914881 sending message 112 to peer 0x120008000 (12 bytes)
1737407649.914886 sending message 112 to peer 0x120008000 (12 bytes)
1737407649.914891 sending message 112 to peer 0x120008000 (13 bytes)
1737407649.914896 sending message 112 to peer 0x120008000 (13 bytes)
1737407649.914901 sending message 112 to peer 0x120008000 (13 bytes)
1737407649.914906 sending message 112 to peer 0x120008000 (13 bytes)
1737407649.914911 sending message 112 to peer 0x120008000 (13 bytes)
1737407649.914916 sending message 112 to peer 0x120008000 (10 bytes)
1737407649.914921 sending message 112 to peer 0x120008000 (9 bytes)
1737407649.914926 sending message 112 to peer 0x120008000 (12 bytes)
1737407649.914931 sending message 112 to peer 0x120008000 (13 bytes)
1737407649.914936 sending message 112 to peer 0x120008000 (13 bytes)
1737407649.914941 sending message 112 to peer 0x120008000 (13 bytes)
1737407649.914946 sending message 112 to peer 0x120008000 (13 bytes)
1737407649.914951 sending message 112 to peer 0x120008000 (13 bytes)
1737407649.914956 sending message 112 to peer 0x120008000 (9 bytes)
1737407649.914961 sending message 112 to peer 0x120008000 (12 bytes)
1737407649.914966 sending message 112 to peer 0x120008000 (13 bytes)
1737407649.914972 sending message 112 to peer 0x120008000 (13 bytes)
1737407649.914977 sending message 112 to peer 0x120008000 (13 bytes)
1737407649.914982 sending message 112 to peer 0x120008000 (13 bytes)
1737407649.914986 sending message 112 to peer 0x120008000 (13 bytes)
1737407649.914991 sending message 112 to peer 0x120008000 (11 bytes)
1737407649.914996 sending message 112 to peer 0x120008000 (12 bytes)
1737407649.915001 sending message 112 to peer 0x120008000 (13 bytes)
1737407649.915016 sending message 112 to peer 0x120008000 (13 bytes)
1737407649.915021 sending message 112 to peer 0x120008000 (13 bytes)
1737407649.915027 sending message 112 to peer 0x120008000 (13 bytes)
1737407649.915032 sending message 112 to peer 0x120008000 (13 bytes)
1737407649.915037 sending message 112 to peer 0x120008000 (11 bytes)
1737407649.915042 sending message 112 to peer 0x120008000 (12 bytes)
1737407649.915047 sending message 112 to peer 0x120008000 (12 bytes)
1737407649.915052 sending message 112 to peer 0x120008000 (12 bytes)
1737407649.915057 sending message 112 to peer 0x120008000 (12 bytes)
1737407649.915062 sending message 112 to peer 0x120008000 (12 bytes)
1737407649.915067 sending message 112 to peer 0x120008000 (22 bytes)
1737407649.915072 sending message 112 to peer 0x120008000 (12 bytes)
1737407649.915077 sending message 112 to peer 0x120008000 (9 bytes)
1737407649.915082 sending message 112 to peer 0x120008000 (6 bytes)
1737407649.915087 sending message 112 to peer 0x120008000 (13 bytes)
1737407649.915092 sending message 112 to peer 0x120008000 (10 bytes)
1737407649.915097 sending message 112 to peer 0x120008000 (15 bytes)
1737407649.915102 sending message 112 to peer 0x120008000 (11 bytes)
1737407649.915107 sending message 112 to peer 0x120008000 (9 bytes)
1737407649.915112 sending message 112 to peer 0x120008000 (70 bytes)
1737407649.915117 sending message 112 to peer 0x120008000 (69 bytes)
1737407649.915123 sending message 112 to peer 0x120008000 (34 bytes)
1737407649.915128 sending message 112 to peer 0x120008000 (34 bytes)
1737407649.915133 sending message 112 to peer 0x120008000 (69 bytes)
1737407649.915138 sending message 112 to peer 0x120008000 (12 bytes)
1737407649.915143 sending message 112 to peer 0x120008000 (10 bytes)
1737407649.915148 sending message 112 to peer 0x120008000 (10 bytes)
1737407649.915153 sending message 112 to peer 0x120008000 (15 bytes)
1737407649.915158 sending message 112 to peer 0x120008000 (11 bytes)
1737407649.915163 sending message 112 to peer 0x120008000 (10 bytes)
1737407649.915168 sending message 112 to peer 0x120008000 (10 bytes)
1737407649.915174 sending message 112 to peer 0x120008000 (17 bytes)
1737407649.915179 sending message 112 to peer 0x120008000 (10 bytes)
1737407649.915184 sending message 112 to peer 0x120008000 (13 bytes)
1737407649.915190 sending message 112 to peer 0x120008000 (17 bytes)
1737407649.915195 sending message 112 to peer 0x120008000 (5 bytes)
1737407649.915200 sending message 112 to peer 0x120008000 (9 bytes)
1737407649.915205 sending message 112 to peer 0x120008000 (15 bytes)
1737407649.915212 sending message 104 to peer 0x120008000 (0 bytes)
1737407649.915217 sending message 110 to peer 0x120008000 (0 bytes)
1737407649.915223 sending message 107 to peer 0x120008000 (4 bytes)
1737407649.915228 sending message 105 to peer 0x120008000 (34 bytes)
1737407649.915233 sending message 105 to peer 0x120008000 (19 bytes)
1737407649.915238 sending message 105 to peer 0x120008000 (34 bytes)
1737407649.915243 sending message 105 to peer 0x120008000 (58 bytes)
1737407649.915248 sending message 105 to peer 0x120008000 (64 bytes)
1737407649.915253 sending message 105 to peer 0x120008000 (17 bytes)
1737407649.915258 sending message 105 to peer 0x120008000 (34 bytes)
1737407649.915263 sending message 105 to peer 0x120008000 (14 bytes)
1737407649.915268 sending message 105 to peer 0x120008000 (17 bytes)
1737407649.915273 sending message 105 to peer 0x120008000 (39 bytes)
1737407649.915278 sending message 105 to peer 0x120008000 (67 bytes)
1737407649.915283 sending message 105 to peer 0x120008000 (22 bytes)
1737407649.915289 sending message 105 to peer 0x120008000 (43 bytes)
1737407649.915294 sending message 105 to peer 0x120008000 (29 bytes)
1737407649.915299 sending message 105 to peer 0x120008000 (37 bytes)
1737407649.915304 sending message 105 to peer 0x120008000 (43 bytes)
1737407649.915309 sending message 105 to peer 0x120008000 (15 bytes)
1737407649.915314 sending message 105 to peer 0x120008000 (22 bytes)
1737407649.915333 sending message 105 to peer 0x120008000 (16 bytes)
1737407649.915338 sending message 105 to peer 0x120008000 (66 bytes)
1737407649.915343 sending message 105 to peer 0x120008000 (18 bytes)
1737407649.915348 sending message 105 to peer 0x120008000 (34 bytes)
1737407649.915353 sending message 105 to peer 0x120008000 (92 bytes)
1737407649.915358 sending message 105 to peer 0x120008000 (17 bytes)
1737407649.915364 sending message 105 to peer 0x120008000 (57 bytes)
1737407649.915369 sending message 105 to peer 0x120008000 (20 bytes)
1737407649.915374 sending message 105 to peer 0x120008000 (9 bytes)
1737407649.915379 sending message 105 to peer 0x120008000 (70 bytes)
1737407649.915384 sending message 105 to peer 0x120008000 (38 bytes)
1737407649.915389 sending message 105 to peer 0x120008000 (72 bytes)
1737407649.915394 sending message 105 to peer 0x120008000 (45 bytes)
1737407649.915405 sending message 105 to peer 0x120008000 (44 bytes)
1737407649.915411 sending message 105 to peer 0x120008000 (29 bytes)
1737407649.915416 sending message 105 to peer 0x120008000 (63 bytes)
1737407649.915421 sending message 105 to peer 0x120008000 (53 bytes)
1737407649.915426 sending message 105 to peer 0x120008000 (15 bytes)
1737407649.915431 sending message 105 to peer 0x120008000 (41 bytes)
1737407649.915436 sending message 105 to peer 0x120008000 (18 bytes)
1737407649.915442 sending message 105 to peer 0x120008000 (763 bytes)
1737407649.915447 sending message 105 to peer 0x120008000 (26 bytes)
1737407649.915452 sending message 105 to peer 0x120008000 (18 bytes)
1737407649.915457 sending message 105 to peer 0x120008000 (60 bytes)
1737407649.915463 sending message 105 to peer 0x120008000 (642 bytes)
1737407649.915468 sending message 105 to peer 0x120008000 (13 bytes)
1737407649.915473 sending message 105 to peer 0x120008000 (20 bytes)
1737407649.915478 sending message 105 to peer 0x120008000 (12 bytes)
1737407649.915483 sending message 105 to peer 0x120008000 (72 bytes)
1737407649.915488 sending message 106 to peer 0x120008000 (0 bytes)
1737407649.915578 sending message 200 to peer 0x120008000 (4 bytes)
1737407649.915586 client loop enter
1737407649.915924 peer 0x120008000 message 303
1737407649.915942 open write file 2 -
1737407649.915964 sending message 305 to peer 0x120008000 (8 bytes)
1737407649.915977 write check file 2
1737407649.916053 peer 0x120008000 message 304
1737407649.916060 write 58 to file 2
1737407649.916067 peer 0x120008000 message 203
1737407649.916073 file 2 58 bytes left
1737407649.916089 write check file 2
1737407649.916095 client loop exit
